Release 11.5 - xst L.70 (lin)
Copyright (c) 1995-2009 Xilinx, Inc.  All rights reserved.
--> 
Parameter TMPDIR set to tmp


Total REAL time to Xst completion: 0.00 secs
Total CPU time to Xst completion: 0.04 secs
 
--> 
Parameter xsthdpdir set to xst


Total REAL time to Xst completion: 0.00 secs
Total CPU time to Xst completion: 0.04 secs
 
--> 
Reading design: cpld_sixrom.prj

TABLE OF CONTENTS
  1) Synthesis Options Summary
  2) HDL Compilation
  3) Design Hierarchy Analysis
  4) HDL Analysis
  5) HDL Synthesis
     5.1) HDL Synthesis Report
  6) Advanced HDL Synthesis
     6.1) Advanced HDL Synthesis Report
  7) Low Level Synthesis
  8) Partition Report
  9) Final Report

=========================================================================
*                      Synthesis Options Summary                        *
=========================================================================
---- Source Parameters
Input File Name                    : "cpld_sixrom.prj"
Input Format                       : mixed
Ignore Synthesis Constraint File   : NO

---- Target Parameters
Target Device                      : XC9500 CPLDs
Output File Name                   : "cpld_sixrom"
Output Format                      : NGC

---- Source Options
Top Module Name                    : cpld_sixrom
Automatic FSM Extraction           : YES
FSM Encoding Algorithm             : Auto
Safe Implementation                : No
Mux Extraction                     : YES
Resource Sharing                   : YES

---- Target Options
Add IO Buffers                     : YES
MACRO Preserve                     : YES
XOR Preserve                       : YES
Equivalent register Removal        : YES

---- General Options
Optimization Goal                  : Area
Optimization Effort                : 2
Library Search Order               : cpld_sixrom.lso
Keep Hierarchy                     : No
Netlist Hierarchy                  : as_optimized
RTL Output                         : Yes
Hierarchy Separator                : /
Bus Delimiter                      : <>
Case Specifier                     : maintain
Verilog 2001                       : YES

---- Other Options
wysiwyg                            : NO

=========================================================================


=========================================================================
*                          HDL Compilation                              *
=========================================================================
Compiling verilog file "../src/cpld_sixrom.v" in library work
Module <cpld_sixrom> compiled
No errors in compilation
Analysis of file <"cpld_sixrom.prj"> succeeded.
 

=========================================================================
*                     Design Hierarchy Analysis                         *
=========================================================================
Analyzing hierarchy for module <cpld_sixrom> in library <work>.


=========================================================================
*                            HDL Analysis                               *
=========================================================================
Analyzing top module <cpld_sixrom>.
WARNING:Xst:905 - "../src/cpld_sixrom.v" line 51: One or more signals are missing in the sensitivity list of always block. To enable synthesis of FPGA/CPLD hardware, XST will assume that all necessary signals are present in the sensitivity list. Please note that the result of the synthesis may differ from the initial design specification. The missing signals are:
   <ioreq_b>, <wr_b>, <adr13>, <adr15>, <adr14>
Module <cpld_sixrom> is correct for synthesis.
 

=========================================================================
*                           HDL Synthesis                               *
=========================================================================

Performing bidirectional port resolution...

Synthesizing Unit <cpld_sixrom>.
    Related source file is "../src/cpld_sixrom.v".
WARNING:Xst:647 - Input <mreq_b> is never used. This port will be preserved and left unconnected if it belongs to a top-level block or it belongs to a sub-block and the hierarchy of this sub-block is preserved.
WARNING:Xst:647 - Input <rd_b> is never used. This port will be preserved and left unconnected if it belongs to a top-level block or it belongs to a sub-block and the hierarchy of this sub-block is preserved.
WARNING:Xst:737 - Found 1-bit latch for signal <clken_lat_qb>. Latches may be generated from incomplete case or if statements. We do not recommend the use of latches in FPGA/CPLD designs, as they may lead to timing problems.
    Found 8-bit register for signal <romsel_q>.
Unit <cpld_sixrom> synthesized.


=========================================================================
HDL Synthesis Report

Macro Statistics
# Registers                                            : 1
 8-bit register                                        : 1
# Latches                                              : 1
 1-bit latch                                           : 1

=========================================================================

=========================================================================
*                       Advanced HDL Synthesis                          *
=========================================================================


=========================================================================
Advanced HDL Synthesis Report

Macro Statistics
# Latches                                              : 1
 1-bit latch                                           : 1

=========================================================================

=========================================================================
*                         Low Level Synthesis                           *
=========================================================================

Optimizing unit <cpld_sixrom> ...

=========================================================================
*                           Partition Report                            *
=========================================================================

Partition Implementation Status
-------------------------------

  No Partitions were found in this design.

-------------------------------

=========================================================================
*                            Final Report                               *
=========================================================================
Final Results
RTL Top Level Output File Name     : cpld_sixrom.ngr
Top Level Output File Name         : cpld_sixrom
Output Format                      : NGC
Optimization Goal                  : Area
Keep Hierarchy                     : No
Target Technology                  : XC9500 CPLDs
Macro Preserve                     : YES
XOR Preserve                       : YES
wysiwyg                            : NO

Design Statistics
# IOs                              : 32

Cell Usage :
# BELS                             : 96
#      AND2                        : 28
#      AND3                        : 13
#      AND4                        : 1
#      INV                         : 38
#      OR2                         : 13
#      OR3                         : 2
#      OR4                         : 1
# FlipFlops/Latches                : 9
#      FDC                         : 8
#      LD                          : 1
# IO Buffers                       : 30
#      IBUF                        : 24
#      OBUF                        : 6
=========================================================================


Total REAL time to Xst completion: 2.00 secs
Total CPU time to Xst completion: 1.47 secs
 
--> 


Total memory usage is 127612 kilobytes

Number of errors   :    0 (   0 filtered)
Number of warnings :    4 (   0 filtered)
Number of infos    :    0 (   0 filtered)

